       0       0       0 tests/inputs/empty.txt
       1       8      49 tests/inputs/fox.txt
       2       2      71 tests/inputs/japanese.txt
       3      10     120 total
